22:46:56 **** Incremental Build of configuration Debug for project MPU6050_test ****
make -j4 all 
arm-none-eabi-gcc "../Core/Src/main.c" -mcpu=cortex-m4 -std=gnu11 -g3 -DDEBUG -DUSE_HAL_DRIVER -DSTM32F334x8 -c -I../Core/Inc -I../Drivers/STM32F3xx_HAL_Driver/Inc -I../Drivers/STM32F3xx_HAL_Driver/Inc/Legacy -I../Drivers/CMSIS/Device/ST/STM32F3xx/Include -I../Drivers/CMSIS/Include -O0 -ffunction-sections -fdata-sections -Wall -fstack-usage -MMD -MP -MF"Core/Src/main.d" -MT"Core/Src/main.o" --specs=nano.specs -mfpu=fpv4-sp-d16 -mfloat-abi=hard -mthumb -o "Core/Src/main.o"
../Core/Src/main.c: In function 'print_data':
../Core/Src/main.c:73:2: warning: implicit declaration of function 'sprintf' [-Wimplicit-function-declaration]
   73 |  sprintf(msg,"X_DATA:%.2f \n Y_data: %.2f\n Z_data: %.2f\n ",x_data,y_data,z_data);
      |  ^~~~~~~
../Core/Src/main.c:73:2: warning: incompatible implicit declaration of built-in function 'sprintf'
../Core/Src/main.c:27:1: note: include '<stdio.h>' or provide a declaration of 'sprintf'
   26 | #include "MPU6050.h"
  +++ |+#include <stdio.h>
   27 | /* USER CODE END Includes */
../Core/Src/main.c: In function 'I2C_detect':
../Core/Src/main.c:340:4: warning: incompatible implicit declaration of built-in function 'sprintf'
  340 |    sprintf(msg,"The Address is 0x%02X\n",address);
      |    ^~~~~~~
../Core/Src/main.c:340:4: note: include '<stdio.h>' or provide a declaration of 'sprintf'
../Core/Src/main.c:353:4: warning: incompatible implicit declaration of built-in function 'sprintf'
  353 |    sprintf(msg,"It did not find any devices\n");
      |    ^~~~~~~
../Core/Src/main.c:353:4: note: include '<stdio.h>' or provide a declaration of 'sprintf'
arm-none-eabi-gcc -o "MPU6050_test.elf" @"objects.list"   -mcpu=cortex-m4 -T"D:\Users\Arjanit\Desktop\MCU programming\My_Workspace\MPU6050_test_one\MPU6050_test\STM32F334R8TX_FLASH.ld" --specs=nosys.specs -Wl,-Map="MPU6050_test.map" -Wl,--gc-sections -static --specs=nano.specs -mfpu=fpv4-sp-d16 -mfloat-abi=hard -mthumb -u _printf_float -Wl,--start-group -lc -lm -Wl,--end-group
Finished building target: MPU6050_test.elf
 
arm-none-eabi-size   MPU6050_test.elf 
arm-none-eabi-objdump -h -S  MPU6050_test.elf  > "MPU6050_test.list"
arm-none-eabi-objcopy  -O binary  MPU6050_test.elf  "MPU6050_test.bin"
   text	   data	    bss	    dec	    hex	filename
  30092	    484	   2204	  32780	   800c	MPU6050_test.elf
Finished building: default.size.stdout
 
Finished building: MPU6050_test.bin
 
Finished building: MPU6050_test.list
 

22:46:59 Build Finished. 0 errors, 4 warnings. (took 2s.55ms)

